2025-07-11 18:41:06,081 - INFO - Database 'project_olap' ensured to exist.
2025-07-11 18:41:06,082 - INFO - Successfully created an engine
2025-07-11 18:41:06,197 - INFO - Successfully executed the query: 
            SELECT gpu_vram, ram_capacity, hdd, ssd, ppi, touchscreen, cpu_cores+cpu_threads as 'cpu', spec_score
            FROM laptops
             
2025-07-11 18:48:46,792 - INFO - Database 'project_olap' ensured to exist.
2025-07-11 18:48:46,793 - INFO - Successfully created an engine
2025-07-11 18:48:46,883 - INFO - Successfully executed the query: 
            SELECT gpu_vram, ram_capacity, hdd, ssd, ppi, touchscreen, cpu_cores+cpu_threads as 'cpu', spec_score
            FROM laptops
             
2025-07-11 18:49:06,638 - INFO - Database 'project_olap' ensured to exist.
2025-07-11 18:49:06,639 - INFO - Successfully created an engine
2025-07-11 18:49:06,729 - INFO - Successfully executed the query: 
            SELECT gpu_vram, ram_capacity, hdd, ssd, ppi, touchscreen, cpu_cores+cpu_threads as 'cpu', spec_score
            FROM laptops
             
2025-07-11 18:49:22,529 - INFO - Database 'project_olap' ensured to exist.
2025-07-11 18:49:22,530 - INFO - Successfully created an engine
2025-07-11 18:49:22,623 - INFO - Successfully executed the query: 
            SELECT gpu_vram, ram_capacity, hdd, ssd, ppi, touchscreen, cpu_cores+cpu_threads as 'cpu', spec_score
            FROM laptops
             
2025-07-11 18:49:46,786 - INFO - Database 'project_olap' ensured to exist.
2025-07-11 18:49:46,787 - INFO - Successfully created an engine
2025-07-11 18:49:46,884 - INFO - Successfully executed the query: 
            SELECT gpu_vram, ram_capacity, hdd, ssd, ppi, touchscreen, cpu_cores+cpu_threads as 'cpu', spec_score
            FROM laptops
             
2025-07-11 18:49:56,714 - INFO - Database 'project_olap' ensured to exist.
2025-07-11 18:49:56,715 - INFO - Successfully created an engine
2025-07-11 18:49:56,804 - INFO - Successfully executed the query: 
            SELECT gpu_vram, ram_capacity, hdd, ssd, ppi, touchscreen, cpu_cores+cpu_threads as 'cpu', spec_score
            FROM laptops
             
2025-07-11 18:50:37,075 - INFO - Database 'project_olap' ensured to exist.
2025-07-11 18:50:37,076 - INFO - Successfully created an engine
2025-07-11 18:50:37,170 - INFO - Successfully executed the query: 
            SELECT gpu_vram, ram_capacity, hdd, ssd, ppi, touchscreen, cpu_cores+cpu_threads as 'cpu', spec_score
            FROM laptops
             
2025-07-11 18:50:53,299 - INFO - Database 'project_olap' ensured to exist.
2025-07-11 18:50:53,299 - INFO - Successfully created an engine
2025-07-11 18:50:53,385 - INFO - Successfully executed the query: 
            SELECT gpu_vram, ram_capacity, hdd, ssd, ppi, touchscreen, cpu_cores+cpu_threads as 'cpu', spec_score
            FROM laptops
             
2025-07-11 18:51:07,944 - INFO - Database 'project_olap' ensured to exist.
2025-07-11 18:51:07,944 - INFO - Successfully created an engine
2025-07-11 18:51:08,046 - INFO - Successfully executed the query: 
            SELECT gpu_vram, ram_capacity, hdd, ssd, ppi, touchscreen, cpu_cores+cpu_threads as 'cpu', spec_score
            FROM laptops
             
2025-07-11 19:01:09,542 - INFO - Database 'project_olap' ensured to exist.
2025-07-11 19:01:09,542 - INFO - Successfully created an engine
2025-07-11 19:01:09,962 - INFO - Successfully executed the query: 
            SELECT gpu_vram, ram_capacity, hdd, ssd, ppi, touchscreen, cpu_cores+cpu_threads as 'cpu', spec_score
            FROM laptops
             
2025-07-11 19:02:18,125 - INFO - Database 'project_olap' ensured to exist.
2025-07-11 19:02:18,126 - INFO - Successfully created an engine
2025-07-11 19:02:18,216 - INFO - Successfully executed the query: 
            SELECT gpu_vram, ram_capacity, hdd, ssd, ppi, touchscreen, cpu_cores+cpu_threads as 'cpu', spec_score
            FROM laptops
             
2025-07-11 19:02:36,521 - INFO - Database 'project_olap' ensured to exist.
2025-07-11 19:02:36,522 - INFO - Successfully created an engine
2025-07-11 19:02:36,618 - INFO - Successfully executed the query: 
            SELECT gpu_vram, ram_capacity, hdd, ssd, ppi, touchscreen, cpu_cores+cpu_threads as 'cpu', spec_score
            FROM laptops
             
2025-07-11 19:02:44,226 - INFO - Database 'project_olap' ensured to exist.
2025-07-11 19:02:44,227 - INFO - Successfully created an engine
2025-07-11 19:02:44,315 - INFO - Successfully executed the query: 
            SELECT gpu_vram, ram_capacity, hdd, ssd, ppi, touchscreen, cpu_cores+cpu_threads as 'cpu', spec_score
            FROM laptops
             
2025-07-11 19:02:50,362 - INFO - Database 'project_olap' ensured to exist.
2025-07-11 19:02:50,363 - INFO - Successfully created an engine
2025-07-11 19:02:50,450 - INFO - Successfully executed the query: 
            SELECT gpu_vram, ram_capacity, hdd, ssd, ppi, touchscreen, cpu_cores+cpu_threads as 'cpu', spec_score
            FROM laptops
             
2025-07-11 19:09:38,853 - INFO - Database 'project_olap' ensured to exist.
2025-07-11 19:09:38,853 - INFO - Successfully created an engine
2025-07-11 19:09:38,874 - INFO - Successfully executed the query: 
            SELECT gpu_vram, ram_capacity, hdd, ssd, ppi, touchscreen, cpu_cores+cpu_threads as 'cpu', spec_score
            FROM laptops
            WHERE brand = 'hp'
             
2025-07-11 19:09:46,550 - INFO - Database 'project_olap' ensured to exist.
2025-07-11 19:09:46,551 - INFO - Successfully created an engine
2025-07-11 19:09:46,567 - INFO - Successfully executed the query: 
            SELECT gpu_vram, ram_capacity, hdd, ssd, ppi, touchscreen, cpu_cores+cpu_threads as 'cpu', spec_score
            FROM laptops
            WHERE brand = 'apple'
             
2025-07-11 19:10:13,452 - INFO - Database 'project_olap' ensured to exist.
2025-07-11 19:10:13,453 - INFO - Successfully created an engine
2025-07-11 19:10:13,545 - INFO - Successfully executed the query: 
            SELECT gpu_vram, ram_capacity, hdd, ssd, ppi, touchscreen, cpu_cores+cpu_threads as 'cpu', spec_score
            FROM laptops
             
2025-07-11 19:11:08,891 - INFO - Successfully executed the query: 
            SELECT gpu_vram, ram_capacity, hdd, ssd, ppi, touchscreen, cpu_cores+cpu_threads as 'cpu', spec_score
            FROM laptops
             
2025-07-11 19:11:42,553 - INFO - Database 'project_olap' ensured to exist.
2025-07-11 19:11:42,554 - INFO - Successfully created an engine
2025-07-11 19:11:42,649 - INFO - Successfully executed the query: 
            SELECT gpu_vram, ram_capacity, hdd, ssd, ppi, touchscreen, cpu_cores+cpu_threads as 'cpu', spec_score
            FROM laptops
             
2025-07-11 19:12:34,694 - INFO - Database 'project_olap' ensured to exist.
2025-07-11 19:12:34,695 - INFO - Successfully created an engine
2025-07-11 19:12:34,792 - INFO - Successfully executed the query: 
            SELECT gpu_vram, ram_capacity, hdd, ssd, ppi, touchscreen, cpu_cores+cpu_threads as 'cpu', spec_score
            FROM laptops
             
2025-07-11 19:12:42,943 - INFO - Database 'project_olap' ensured to exist.
2025-07-11 19:12:42,944 - INFO - Successfully created an engine
2025-07-11 19:12:43,049 - INFO - Successfully executed the query: 
            SELECT gpu_vram, ram_capacity, hdd, ssd, ppi, touchscreen, cpu_cores+cpu_threads as 'cpu', spec_score
            FROM laptops
             
2025-07-11 19:13:34,228 - INFO - Database 'project_olap' ensured to exist.
2025-07-11 19:13:34,229 - INFO - Successfully created an engine
2025-07-11 19:13:34,321 - INFO - Successfully executed the query: 
            SELECT gpu_vram, ram_capacity, hdd, ssd, ppi, touchscreen, cpu_cores+cpu_threads as 'cpu', spec_score
            FROM laptops
             
2025-07-11 19:14:52,404 - INFO - Database 'project_olap' ensured to exist.
2025-07-11 19:14:52,405 - INFO - Successfully created an engine
2025-07-11 19:14:52,501 - INFO - Successfully executed the query: 
            SELECT gpu_vram, ram_capacity, hdd, ssd, ppi, touchscreen, cpu_cores+cpu_threads as 'cpu', spec_score
            FROM laptops
             
2025-07-11 19:15:35,278 - INFO - Database 'project_olap' ensured to exist.
2025-07-11 19:15:35,278 - INFO - Successfully created an engine
2025-07-11 19:15:44,558 - INFO - Database 'project_olap' ensured to exist.
2025-07-11 19:15:44,559 - INFO - Successfully created an engine
2025-07-11 19:15:44,649 - INFO - Successfully executed the query: 
            SELECT gpu_vram, ram_capacity, hdd, ssd, ppi, touchscreen, cpu_cores+cpu_threads as 'cpu', spec_score
            FROM laptops
             
2025-07-11 19:17:20,529 - INFO - Database 'project_olap' ensured to exist.
2025-07-11 19:17:20,530 - INFO - Successfully created an engine
2025-07-11 19:17:20,635 - INFO - Successfully executed the query: 
            SELECT gpu_vram, ram_capacity, hdd, ssd, ppi, touchscreen, cpu_cores+cpu_threads as 'cpu', spec_score
            FROM laptops
             
2025-07-11 19:17:37,538 - INFO - Database 'project_olap' ensured to exist.
2025-07-11 19:17:37,538 - INFO - Successfully created an engine
2025-07-11 19:17:37,627 - INFO - Successfully executed the query: 
            SELECT gpu_vram, ram_capacity, hdd, ssd, ppi, touchscreen, cpu_cores+cpu_threads as 'cpu', spec_score
            FROM laptops
             
2025-07-11 19:17:50,607 - INFO - Database 'project_olap' ensured to exist.
2025-07-11 19:17:50,608 - INFO - Successfully created an engine
2025-07-11 19:17:50,702 - INFO - Successfully executed the query: 
            SELECT gpu_vram, ram_capacity, hdd, ssd, ppi, touchscreen, cpu_cores+cpu_threads as 'cpu', spec_score
            FROM laptops
             
2025-07-11 19:18:49,202 - INFO - Database 'project_olap' ensured to exist.
2025-07-11 19:18:49,203 - INFO - Successfully created an engine
2025-07-11 19:18:49,297 - INFO - Successfully executed the query: 
            SELECT gpu_vram, ram_capacity, hdd, ssd, ppi, touchscreen, cpu_cores+cpu_threads as 'cpu', spec_score
            FROM laptops
             
2025-07-11 19:24:55,962 - INFO - Database 'project_olap' ensured to exist.
2025-07-11 19:24:55,963 - INFO - Successfully created an engine
2025-07-11 19:24:56,049 - INFO - Successfully executed the query: 
            SELECT gpu_vram, ram_capacity, hdd, ssd, ppi, touchscreen, cpu_cores+cpu_threads as 'cpu', spec_score
            FROM laptops
             
2025-07-11 19:25:15,419 - INFO - Database 'project_olap' ensured to exist.
2025-07-11 19:25:15,420 - INFO - Successfully created an engine
2025-07-11 19:25:15,521 - INFO - Successfully executed the query: 
            SELECT gpu_vram, ram_capacity, hdd, ssd, ppi, touchscreen, cpu_cores+cpu_threads as 'cpu', spec_score
            FROM laptops
             
2025-07-11 19:25:33,691 - INFO - Database 'project_olap' ensured to exist.
2025-07-11 19:25:33,692 - INFO - Successfully created an engine
2025-07-11 19:25:33,810 - INFO - Successfully executed the query: 
            SELECT gpu_vram, ram_capacity, hdd, ssd, ppi, touchscreen, cpu_cores+cpu_threads as 'cpu', spec_score
            FROM laptops
             
2025-07-11 19:30:31,512 - INFO - Database 'project_olap' ensured to exist.
2025-07-11 19:30:31,513 - INFO - Successfully created an engine
2025-07-11 19:30:31,607 - INFO - Successfully executed the query: 
            SELECT gpu_vram, ram_capacity, hdd, ssd, ppi, touchscreen, cpu_cores+cpu_threads as 'cpu', spec_score
            FROM laptops
             
2025-07-11 19:30:53,245 - INFO - Database 'project_olap' ensured to exist.
2025-07-11 19:30:53,246 - INFO - Successfully created an engine
2025-07-11 19:30:53,337 - INFO - Successfully executed the query: 
            SELECT gpu_vram, ram_capacity, hdd, ssd, ppi, touchscreen, cpu_cores+cpu_threads as 'cpu', spec_score
            FROM laptops
             
2025-07-11 19:31:34,425 - INFO - Database 'project_olap' ensured to exist.
2025-07-11 19:31:34,426 - INFO - Successfully created an engine
2025-07-11 19:31:34,531 - INFO - Successfully executed the query: 
            SELECT gpu_vram, ram_capacity, hdd, ssd, ppi, touchscreen, cpu_cores+cpu_threads as 'cpu', spec_score
            FROM laptops
             
2025-07-11 19:31:44,397 - INFO - Database 'project_olap' ensured to exist.
2025-07-11 19:31:44,398 - INFO - Successfully created an engine
2025-07-11 19:31:44,496 - INFO - Successfully executed the query: 
            SELECT gpu_vram, ram_capacity, hdd, ssd, ppi, touchscreen, cpu_cores+cpu_threads as 'cpu', spec_score
            FROM laptops
             
2025-07-11 19:32:05,221 - INFO - Database 'project_olap' ensured to exist.
2025-07-11 19:32:05,222 - INFO - Successfully created an engine
2025-07-11 19:32:05,320 - INFO - Successfully executed the query: 
            SELECT gpu_vram, ram_capacity, hdd, ssd, ppi, touchscreen, cpu_cores+cpu_threads as 'cpu', spec_score
            FROM laptops
             
2025-07-11 19:32:14,294 - INFO - Database 'project_olap' ensured to exist.
2025-07-11 19:32:14,294 - INFO - Successfully created an engine
2025-07-11 19:32:14,392 - INFO - Successfully executed the query: 
            SELECT gpu_vram, ram_capacity, hdd, ssd, ppi, touchscreen, cpu_cores+cpu_threads as 'cpu', spec_score
            FROM laptops
             
2025-07-11 19:34:24,666 - INFO - Successfully executed the query: 
            SELECT gpu_vram, ram_capacity, hdd, ssd, ppi, touchscreen, cpu_cores+cpu_threads as 'cpu', spec_score
            FROM laptops
             
2025-07-11 19:35:35,176 - INFO - Database 'project_olap' ensured to exist.
2025-07-11 19:35:35,177 - INFO - Successfully created an engine
2025-07-11 19:35:35,285 - INFO - Successfully executed the query: 
            SELECT gpu_vram, ram_capacity, hdd, ssd, ppi, touchscreen, cpu_cores+cpu_threads as 'cpu', spec_score
            FROM laptops
             
2025-07-11 19:35:45,253 - INFO - Database 'project_olap' ensured to exist.
2025-07-11 19:35:45,254 - INFO - Successfully created an engine
2025-07-11 19:35:45,347 - INFO - Successfully executed the query: 
            SELECT gpu_vram, ram_capacity, hdd, ssd, ppi, touchscreen, cpu_cores+cpu_threads as 'cpu', spec_score
            FROM laptops
             
2025-07-11 19:35:59,473 - INFO - Database 'project_olap' ensured to exist.
2025-07-11 19:35:59,474 - INFO - Successfully created an engine
2025-07-11 19:35:59,560 - INFO - Successfully executed the query: 
            SELECT gpu_vram, ram_capacity, hdd, ssd, ppi, touchscreen, cpu_cores+cpu_threads as 'cpu', spec_score
            FROM laptops
             
2025-07-11 19:38:34,913 - INFO - Database 'project_olap' ensured to exist.
2025-07-11 19:38:34,914 - INFO - Successfully created an engine
2025-07-11 19:38:35,008 - INFO - Successfully executed the query: 
            SELECT gpu_vram, ram_capacity, hdd, ssd, ppi, touchscreen, cpu_cores+cpu_threads as 'cpu', spec_score
            FROM laptops
             
2025-07-11 19:38:50,561 - INFO - Database 'project_olap' ensured to exist.
2025-07-11 19:38:50,562 - INFO - Successfully created an engine
2025-07-11 19:38:50,650 - INFO - Successfully executed the query: 
            SELECT gpu_vram, ram_capacity, hdd, ssd, ppi, touchscreen, cpu_cores+cpu_threads as 'cpu', spec_score
            FROM laptops
             
2025-07-11 19:39:02,382 - INFO - Database 'project_olap' ensured to exist.
2025-07-11 19:39:02,382 - INFO - Successfully created an engine
2025-07-11 19:39:02,479 - INFO - Successfully executed the query: 
            SELECT gpu_vram, ram_capacity, hdd, ssd, ppi, touchscreen, cpu_cores+cpu_threads as 'cpu', spec_score
            FROM laptops
             
2025-07-11 19:39:24,135 - INFO - Database 'project_olap' ensured to exist.
2025-07-11 19:39:24,136 - INFO - Successfully created an engine
2025-07-11 19:39:24,228 - INFO - Successfully executed the query: 
            SELECT gpu_vram, ram_capacity, hdd, ssd, ppi, touchscreen, cpu_cores+cpu_threads as 'cpu', spec_score
            FROM laptops
             
2025-07-11 19:50:08,256 - INFO - Database 'project_olap' ensured to exist.
2025-07-11 19:50:08,264 - INFO - Successfully created an engine
2025-07-11 19:50:08,351 - INFO - Successfully executed the query: 
            SELECT gpu_vram, ram_capacity, hdd, ssd, ppi, touchscreen, cpu_cores+cpu_threads as 'cpu', spec_score
            FROM laptops
             
2025-07-11 19:50:41,448 - INFO - Database 'project_olap' ensured to exist.
2025-07-11 19:50:41,449 - INFO - Successfully created an engine
2025-07-11 19:50:41,553 - INFO - Successfully executed the query: 
            SELECT gpu_vram, ram_capacity, hdd, ssd, ppi, touchscreen, cpu_cores+cpu_threads as 'cpu', spec_score
            FROM laptops
             
2025-07-11 19:50:46,911 - INFO - Database 'project_olap' ensured to exist.
2025-07-11 19:50:46,912 - INFO - Successfully created an engine
2025-07-11 19:50:47,005 - INFO - Successfully executed the query: 
            SELECT gpu_vram, ram_capacity, hdd, ssd, ppi, touchscreen, cpu_cores+cpu_threads as 'cpu', spec_score
            FROM laptops
             
2025-07-11 19:50:53,281 - INFO - Database 'project_olap' ensured to exist.
2025-07-11 19:50:53,282 - INFO - Successfully created an engine
2025-07-11 19:50:53,378 - INFO - Successfully executed the query: 
            SELECT gpu_vram, ram_capacity, hdd, ssd, ppi, touchscreen, cpu_cores+cpu_threads as 'cpu', spec_score
            FROM laptops
             
2025-07-11 19:51:03,890 - INFO - Database 'project_olap' ensured to exist.
2025-07-11 19:51:03,891 - INFO - Successfully created an engine
2025-07-11 19:51:03,987 - INFO - Successfully executed the query: 
            SELECT gpu_vram, ram_capacity, hdd, ssd, ppi, touchscreen, cpu_cores+cpu_threads as 'cpu', spec_score
            FROM laptops
             
2025-07-11 19:51:11,247 - INFO - Database 'project_olap' ensured to exist.
2025-07-11 19:51:11,247 - INFO - Successfully created an engine
2025-07-11 19:51:11,336 - INFO - Successfully executed the query: 
            SELECT gpu_vram, ram_capacity, hdd, ssd, ppi, touchscreen, cpu_cores+cpu_threads as 'cpu', spec_score
            FROM laptops
             
2025-07-11 19:51:21,723 - INFO - Database 'project_olap' ensured to exist.
2025-07-11 19:51:21,724 - INFO - Successfully created an engine
2025-07-11 19:51:21,820 - INFO - Successfully executed the query: 
            SELECT gpu_vram, ram_capacity, hdd, ssd, ppi, touchscreen, cpu_cores+cpu_threads as 'cpu', spec_score
            FROM laptops
             
2025-07-11 19:56:17,924 - INFO - Database 'project_olap' ensured to exist.
2025-07-11 19:56:17,925 - INFO - Successfully created an engine
2025-07-11 19:56:18,011 - INFO - Successfully executed the query: 
            SELECT gpu_vram, ram_capacity, hdd, ssd, ppi, touchscreen, cpu_cores+cpu_threads as 'cpu', spec_score
            FROM laptops
             
2025-07-11 19:57:00,294 - INFO - Database 'project_olap' ensured to exist.
2025-07-11 19:57:00,295 - INFO - Successfully created an engine
2025-07-11 19:57:00,402 - INFO - Successfully executed the query: 
            SELECT gpu_vram, ram_capacity, hdd, ssd, ppi, touchscreen, cpu_cores+cpu_threads as 'cpu', spec_score
            FROM laptops
             
2025-07-11 19:57:20,598 - INFO - Database 'project_olap' ensured to exist.
2025-07-11 19:57:20,599 - INFO - Successfully created an engine
2025-07-11 19:57:20,710 - INFO - Successfully executed the query: 
            SELECT gpu_vram, ram_capacity, hdd, ssd, ppi, touchscreen, cpu_cores+cpu_threads as 'cpu', spec_score
            FROM laptops
             
2025-07-11 19:57:39,580 - INFO - Database 'project_olap' ensured to exist.
2025-07-11 19:57:39,581 - INFO - Successfully created an engine
2025-07-11 19:57:39,667 - INFO - Successfully executed the query: 
            SELECT gpu_vram, ram_capacity, hdd, ssd, ppi, touchscreen, cpu_cores+cpu_threads as 'cpu', spec_score
            FROM laptops
             
2025-07-11 19:58:09,373 - INFO - Database 'project_olap' ensured to exist.
2025-07-11 19:58:09,374 - INFO - Successfully created an engine
2025-07-11 19:58:09,484 - INFO - Successfully executed the query: 
            SELECT gpu_vram, ram_capacity, hdd, ssd, ppi, touchscreen, cpu_cores+cpu_threads as 'cpu', spec_score
            FROM laptops
             
2025-07-11 19:58:15,281 - INFO - Database 'project_olap' ensured to exist.
2025-07-11 19:58:15,281 - INFO - Successfully created an engine
2025-07-11 19:58:15,378 - INFO - Successfully executed the query: 
            SELECT gpu_vram, ram_capacity, hdd, ssd, ppi, touchscreen, cpu_cores+cpu_threads as 'cpu', spec_score
            FROM laptops
             
2025-07-11 23:01:37,818 - INFO - Database 'project_olap' ensured to exist.
2025-07-11 23:01:37,831 - INFO - Successfully created an engine
2025-07-11 23:01:43,120 - INFO - Successfully executed the query: 
            SELECT gpu_vram, ram_capacity, hdd, ssd, ppi, touchscreen, cpu_cores+cpu_threads as 'cpu', spec_score
            FROM laptops
             
2025-07-11 23:02:16,777 - INFO - Successfully executed the query: 
            SELECT gpu_vram, ram_capacity, hdd, ssd, ppi, touchscreen, cpu_cores+cpu_threads as 'cpu', spec_score
            FROM laptops
             
2025-07-11 23:03:41,303 - INFO - Database 'project_olap' ensured to exist.
2025-07-11 23:03:41,304 - INFO - Successfully created an engine
2025-07-11 23:03:41,410 - INFO - Successfully executed the query: 
            SELECT gpu_vram, ram_capacity, hdd, ssd, ppi, touchscreen, cpu_cores+cpu_threads as 'cpu', spec_score
            FROM laptops
             
2025-07-11 23:04:18,538 - INFO - Database 'project_olap' ensured to exist.
2025-07-11 23:04:18,538 - INFO - Successfully created an engine
2025-07-11 23:04:18,626 - INFO - Successfully executed the query: 
            SELECT gpu_vram, ram_capacity, hdd, ssd, ppi, touchscreen, cpu_cores+cpu_threads as 'cpu', spec_score
            FROM laptops
             
2025-07-11 23:05:18,165 - INFO - Database 'project_olap' ensured to exist.
2025-07-11 23:05:18,166 - INFO - Successfully created an engine
2025-07-11 23:05:18,253 - INFO - Successfully executed the query: 
            SELECT gpu_vram, ram_capacity, hdd, ssd, ppi, touchscreen, cpu_cores+cpu_threads as 'cpu', spec_score
            FROM laptops
             
2025-07-11 23:54:39,894 - INFO - Successfully executed the query: 
            SELECT gpu_vram, ram_capacity, hdd, ssd, ppi, touchscreen, cpu_cores+cpu_threads as 'cpu', spec_score
            FROM laptops
             
2025-07-11 23:54:46,944 - INFO - Successfully executed the query: 
            SELECT gpu_vram, ram_capacity, hdd, ssd, ppi, touchscreen, cpu_cores+cpu_threads as 'cpu', spec_score
            FROM laptops
             
2025-07-12 00:02:01,534 - INFO - Database 'project_olap' ensured to exist.
2025-07-12 00:02:01,535 - INFO - Successfully created an engine
2025-07-12 00:02:01,630 - INFO - Successfully executed the query: 
            SELECT gpu_vram, ram_capacity, hdd, ssd, ppi, touchscreen, cpu_cores+cpu_threads as 'cpu', spec_score
            FROM laptops
             
2025-07-12 00:02:30,904 - INFO - Database 'project_olap' ensured to exist.
2025-07-12 00:02:30,905 - INFO - Successfully created an engine
2025-07-12 00:02:31,002 - INFO - Successfully executed the query: 
            SELECT gpu_vram, ram_capacity, hdd, ssd, ppi, touchscreen, cpu_cores+cpu_threads as 'cpu', spec_score
            FROM laptops
             
2025-07-12 00:02:37,937 - INFO - Database 'project_olap' ensured to exist.
2025-07-12 00:02:37,937 - INFO - Successfully created an engine
2025-07-12 00:02:38,048 - INFO - Successfully executed the query: 
            SELECT gpu_vram, ram_capacity, hdd, ssd, ppi, touchscreen, cpu_cores+cpu_threads as 'cpu', spec_score
            FROM laptops
             
2025-07-12 00:02:51,767 - INFO - Database 'project_olap' ensured to exist.
2025-07-12 00:02:51,768 - INFO - Successfully created an engine
2025-07-12 00:02:51,869 - INFO - Successfully executed the query: 
            SELECT gpu_vram, ram_capacity, hdd, ssd, ppi, touchscreen, cpu_cores+cpu_threads as 'cpu', spec_score
            FROM laptops
             
2025-07-12 00:02:58,787 - INFO - Database 'project_olap' ensured to exist.
2025-07-12 00:02:58,787 - INFO - Successfully created an engine
2025-07-12 00:02:58,879 - INFO - Successfully executed the query: 
            SELECT gpu_vram, ram_capacity, hdd, ssd, ppi, touchscreen, cpu_cores+cpu_threads as 'cpu', spec_score
            FROM laptops
             
2025-07-12 00:04:22,505 - INFO - Database 'project_olap' ensured to exist.
2025-07-12 00:04:22,506 - INFO - Successfully created an engine
2025-07-12 00:04:22,602 - INFO - Successfully executed the query: 
            SELECT gpu_vram, ram_capacity, hdd, ssd, ppi, touchscreen, cpu_cores+cpu_threads as 'cpu', spec_score
            FROM laptops
             
2025-07-12 00:04:27,558 - INFO - Database 'project_olap' ensured to exist.
2025-07-12 00:04:27,559 - INFO - Successfully created an engine
2025-07-12 00:04:27,658 - INFO - Successfully executed the query: 
            SELECT gpu_vram, ram_capacity, hdd, ssd, ppi, touchscreen, cpu_cores+cpu_threads as 'cpu', spec_score
            FROM laptops
             
2025-07-12 00:05:24,920 - INFO - Database 'project_olap' ensured to exist.
2025-07-12 00:05:24,921 - INFO - Successfully created an engine
2025-07-12 00:05:25,020 - INFO - Successfully executed the query: 
            SELECT gpu_vram, ram_capacity, hdd, ssd, ppi, touchscreen, cpu_cores+cpu_threads as 'cpu', spec_score
            FROM laptops
             
2025-07-12 00:05:35,014 - INFO - Database 'project_olap' ensured to exist.
2025-07-12 00:05:35,015 - INFO - Successfully created an engine
2025-07-12 00:05:35,111 - INFO - Successfully executed the query: 
            SELECT gpu_vram, ram_capacity, hdd, ssd, ppi, touchscreen, cpu_cores+cpu_threads as 'cpu', spec_score
            FROM laptops
             
2025-07-12 00:05:42,303 - INFO - Database 'project_olap' ensured to exist.
2025-07-12 00:05:42,304 - INFO - Successfully created an engine
2025-07-12 00:05:42,404 - INFO - Successfully executed the query: 
            SELECT gpu_vram, ram_capacity, hdd, ssd, ppi, touchscreen, cpu_cores+cpu_threads as 'cpu', spec_score
            FROM laptops
             
2025-07-12 00:05:50,736 - INFO - Database 'project_olap' ensured to exist.
2025-07-12 00:05:50,736 - INFO - Successfully created an engine
2025-07-12 00:05:50,849 - INFO - Successfully executed the query: 
            SELECT gpu_vram, ram_capacity, hdd, ssd, ppi, touchscreen, cpu_cores+cpu_threads as 'cpu', spec_score
            FROM laptops
             
2025-07-12 00:05:55,799 - INFO - Database 'project_olap' ensured to exist.
2025-07-12 00:05:55,799 - INFO - Successfully created an engine
2025-07-12 00:05:55,910 - INFO - Successfully executed the query: 
            SELECT gpu_vram, ram_capacity, hdd, ssd, ppi, touchscreen, cpu_cores+cpu_threads as 'cpu', spec_score
            FROM laptops
             
2025-07-12 00:06:02,797 - INFO - Database 'project_olap' ensured to exist.
2025-07-12 00:06:02,798 - INFO - Successfully created an engine
2025-07-12 00:06:02,907 - INFO - Successfully executed the query: 
            SELECT gpu_vram, ram_capacity, hdd, ssd, ppi, touchscreen, cpu_cores+cpu_threads as 'cpu', spec_score
            FROM laptops
             
2025-07-12 00:06:10,840 - INFO - Database 'project_olap' ensured to exist.
2025-07-12 00:06:10,841 - INFO - Successfully created an engine
2025-07-12 00:06:10,952 - INFO - Successfully executed the query: 
            SELECT gpu_vram, ram_capacity, hdd, ssd, ppi, touchscreen, cpu_cores+cpu_threads as 'cpu', spec_score
            FROM laptops
             
2025-07-12 00:06:18,052 - INFO - Database 'project_olap' ensured to exist.
2025-07-12 00:06:18,053 - INFO - Successfully created an engine
2025-07-12 00:06:18,164 - INFO - Successfully executed the query: 
            SELECT gpu_vram, ram_capacity, hdd, ssd, ppi, touchscreen, cpu_cores+cpu_threads as 'cpu', spec_score
            FROM laptops
             
2025-07-12 00:07:52,436 - INFO - Database 'project_olap' ensured to exist.
2025-07-12 00:07:52,437 - INFO - Successfully created an engine
2025-07-12 00:07:52,599 - INFO - Successfully executed the query: 
            SELECT gpu_vram, ram_capacity, hdd, ssd, ppi, touchscreen, cpu_cores+cpu_threads as 'cpu', spec_score
            FROM laptops
             
2025-07-12 00:08:10,274 - INFO - Database 'project_olap' ensured to exist.
2025-07-12 00:08:10,274 - INFO - Successfully created an engine
2025-07-12 00:08:10,370 - INFO - Successfully executed the query: 
            SELECT gpu_vram, ram_capacity, hdd, ssd, ppi, touchscreen, cpu_cores+cpu_threads as 'cpu', spec_score
            FROM laptops
             
2025-07-12 00:09:04,859 - INFO - Database 'project_olap' ensured to exist.
2025-07-12 00:09:04,860 - INFO - Successfully created an engine
2025-07-12 00:09:04,952 - INFO - Successfully executed the query: 
            SELECT gpu_vram, ram_capacity, hdd, ssd, ppi, touchscreen, cpu_cores+cpu_threads as 'cpu', spec_score
            FROM laptops
             
2025-07-12 00:10:57,152 - INFO - Database 'project_olap' ensured to exist.
2025-07-12 00:10:57,152 - INFO - Successfully created an engine
2025-07-12 00:10:57,258 - INFO - Successfully executed the query: 
            SELECT gpu_vram, ram_capacity, hdd, ssd, ppi, touchscreen, cpu_cores+cpu_threads as 'cpu', spec_score
            FROM laptops
             
2025-07-12 00:11:16,901 - INFO - Database 'project_olap' ensured to exist.
2025-07-12 00:11:16,902 - INFO - Successfully created an engine
2025-07-12 00:11:17,000 - INFO - Successfully executed the query: 
            SELECT gpu_vram, ram_capacity, hdd, ssd, ppi, touchscreen, cpu_cores+cpu_threads as 'cpu', spec_score
            FROM laptops
             
2025-07-12 00:11:53,680 - INFO - Database 'project_olap' ensured to exist.
2025-07-12 00:11:53,681 - INFO - Successfully created an engine
2025-07-12 00:11:53,779 - INFO - Successfully executed the query: 
            SELECT gpu_vram, ram_capacity, hdd, ssd, ppi, touchscreen, cpu_cores+cpu_threads as 'cpu', spec_score
            FROM laptops
             
2025-07-12 00:13:58,390 - INFO - Database 'project_olap' ensured to exist.
2025-07-12 00:13:58,390 - INFO - Successfully created an engine
2025-07-12 00:13:58,489 - INFO - Successfully executed the query: 
            SELECT gpu_vram, ram_capacity, hdd, ssd, ppi, touchscreen, cpu_cores+cpu_threads as 'cpu', spec_score
            FROM laptops
             
2025-07-12 00:14:23,446 - INFO - Database 'project_olap' ensured to exist.
2025-07-12 00:14:23,447 - INFO - Successfully created an engine
2025-07-12 00:14:23,535 - INFO - Successfully executed the query: 
            SELECT gpu_vram, ram_capacity, hdd, ssd, ppi, touchscreen, cpu_cores+cpu_threads as 'cpu', spec_score
            FROM laptops
             
2025-07-12 00:14:30,729 - INFO - Database 'project_olap' ensured to exist.
2025-07-12 00:14:30,730 - INFO - Successfully created an engine
2025-07-12 00:14:30,827 - INFO - Successfully executed the query: 
            SELECT gpu_vram, ram_capacity, hdd, ssd, ppi, touchscreen, cpu_cores+cpu_threads as 'cpu', spec_score
            FROM laptops
             
2025-07-12 00:14:38,570 - INFO - Database 'project_olap' ensured to exist.
2025-07-12 00:14:38,571 - INFO - Successfully created an engine
2025-07-12 00:14:38,675 - INFO - Successfully executed the query: 
            SELECT gpu_vram, ram_capacity, hdd, ssd, ppi, touchscreen, cpu_cores+cpu_threads as 'cpu', spec_score
            FROM laptops
             
2025-07-12 00:16:40,945 - INFO - Database 'project_olap' ensured to exist.
2025-07-12 00:16:40,946 - INFO - Successfully created an engine
2025-07-12 00:16:41,044 - INFO - Successfully executed the query: 
            SELECT gpu_vram, ram_capacity, hdd, ssd, ppi, touchscreen, cpu_cores+cpu_threads as 'cpu', spec_score
            FROM laptops
             
2025-07-12 00:16:52,968 - INFO - Database 'project_olap' ensured to exist.
2025-07-12 00:16:52,969 - INFO - Successfully created an engine
2025-07-12 00:16:53,069 - INFO - Successfully executed the query: 
            SELECT gpu_vram, ram_capacity, hdd, ssd, ppi, touchscreen, cpu_cores+cpu_threads as 'cpu', spec_score
            FROM laptops
             
2025-07-12 00:29:37,922 - INFO - Database 'project_olap' ensured to exist.
2025-07-12 00:29:37,923 - INFO - Successfully created an engine
2025-07-12 00:33:07,368 - INFO - Database 'project_olap' ensured to exist.
2025-07-12 00:33:07,369 - INFO - Successfully created an engine
2025-07-12 00:34:13,506 - INFO - Database 'project_olap' ensured to exist.
2025-07-12 00:34:13,507 - INFO - Successfully created an engine
2025-07-12 00:37:12,256 - INFO - Database 'project_olap' ensured to exist.
2025-07-12 00:37:12,256 - INFO - Successfully created an engine
2025-07-12 00:37:47,161 - INFO - Database 'project_olap' ensured to exist.
2025-07-12 00:37:47,162 - INFO - Successfully created an engine
2025-07-12 00:39:18,481 - INFO - Database 'project_olap' ensured to exist.
2025-07-12 00:39:18,482 - INFO - Successfully created an engine
2025-07-12 00:39:30,988 - INFO - Database 'project_olap' ensured to exist.
2025-07-12 00:39:30,988 - INFO - Successfully created an engine
2025-07-12 00:39:36,601 - INFO - Database 'project_olap' ensured to exist.
2025-07-12 00:39:36,602 - INFO - Successfully created an engine
2025-07-12 13:26:10,604 - INFO - Database 'project_olap' ensured to exist.
2025-07-12 13:26:10,620 - INFO - Successfully created an engine
